$ git --version
git version 2.37.1.windows.1

LENOVO@DESKTOP-P0RECPK MINGW64 ~
$ git config --global user.name "Gowri"

LENOVO@DESKTOP-P0RECPK MINGW64 ~
$ git config --global user.email "gowri2598@gmail.com"

LENOVO@DESKTOP-P0RECPK MINGW64 ~
$ git config --global user.email
gowri2598@gmail.com

LENOVO@DESKTOP-P0RECPK MINGW64 ~
$ git config --global --edit
(can edit here)

(go to whichever dir u want and then init it)
LENOVO@DESKTOP-P0RECPK MINGW64 /d/Crio/git
$ git init
Initialized empty Git repository in D:/Crio/git/.git/

LENOVO@DESKTOP-P0RECPK MINGW64 /d/Crio/git (master)
$ git status
On branch master

No commits yet

Untracked files:
  (use "git add <file>..." to include in what will be committed)
        Sum.java
        notes.txt

nothing added to commit but untracked files present (use "git add" to track)

LENOVO@DESKTOP-P0RECPK MINGW64 /d/Crio/git (master)
$ git add Sum.java notes.txt

LENOVO@DESKTOP-P0RECPK MINGW64 /d/Crio/git (master)
$ git status
On branch master

No commits yet

Changes to be committed:
  (use "git rm --cached <file>..." to unstage)
        new file:   Sum.java
        new file:   notes.txt

LENOVO@DESKTOP-P0RECPK MINGW64 /d/Crio/git (master)
$ git commit -m "initial commit"
[master (root-commit) 46da62a] initial commit
 2 files changed, 47 insertions(+)
 create mode 100644 Sum.java
 create mode 100644 notes.txt

LENOVO@DESKTOP-P0RECPK MINGW64 /d/Crio/git (master)
$ git log
commit 46da62a25406265509d92eb12f0fce644e91b31e (HEAD -> master)
Author: Gowri <gowri2598@gmail.com>
Date:   Mon Aug 1 00:15:59 2022 +0530

    initial commit

(each commit has a unique hashcode)

LENOVO@DESKTOP-P0RECPK MINGW64 /d/Crio/git (master)
$ git status
On branch master
Changes not staged for commit:
  (use "git add <file>..." to update what will be committed)
  (use "git restore <file>..." to discard changes in working directory)
        modified:   Sum.java
        modified:   notes.txt

Untracked files:
  (use "git add <file>..." to include in what will be committed)
        Untitled-1.txt

no changes added to commit (use "git add" and/or "git commit -a")


